WEC-Sim: An open-source code for simulating wave energy converters
Version: 7.0.0

Initializing the Simulation Class...
	Case Dir: C:\Users\jtgrasb\Documents\GitHub\WecOptTool\foswec\WEC-Sim 

WEC-Sim Pre-processing ...   
	Infinite water depth specified in BEM and "waves.waterDepth" not specified in input file.
Set water depth to 200m for visualization.
Elapsed time is 0.239683 seconds.

WEC-Sim Simulation Settings:
	Start Time                     (sec) = 0
	End Time                       (sec) = 400
	Time Step Size                 (sec) = 0.005
	Ramp Function Time             (sec) = 50
	 Number of Time Steps     = 80000 

Wave Environment: 
	Wave Type                            = Regular Waves (Constant Hydrodynamic Coefficients)
	Wave Height, height (m)                   = 1
	Wave Period, period (sec)                 = 8

List of Body:
 
Number of Hydro Bodies = 3 

	***** Body Number 1, Name: platform *****
	Body CG                          (m) = [0,0,-0.46]
	Body Mass                       (kg) = 54.72 
	Body Moments of Inertia       (kgm2) = [0,9.46702,0]
	Body Products of Inertia      (kgm2) = [0,0,0]

	***** Body Number 2, Name: flap1 *****
	Body CG                          (m) = [-0.695,0,-0.18]
	Body Mass                       (kg) = 4.256 
	Body Moments of Inertia       (kgm2) = [0,0.11211,0]
	Body Products of Inertia      (kgm2) = [0,0,0]

	***** Body Number 3, Name: flap2 *****
	Body CG                          (m) = [0.695,0,-0.18]
	Body Mass                       (kg) = 4.256 
	Body Moments of Inertia       (kgm2) = [0,0.11211,0]
	Body Products of Inertia      (kgm2) = [0,0,0]

List of PTO(s): Number of PTOs = 2 

	***** PTO Name: PTO1 *****
	PTO Stiffness           (N/m;Nm/rad) = 0
	PTO Damping           (Ns/m;Nsm/rad) = 0

	***** PTO Name: PTO2 *****
	PTO Stiffness           (N/m;Nm/rad) = 0
	PTO Damping           (Ns/m;Nsm/rad) = 0

List of Constraint(s): Number of Constraints = 1 

	***** Constraint Name: Constraint1 *****

Elapsed time is 0.075005 seconds.

Simulating the WEC device defined in the SimMechanics model C:\Users\jtgrasb\Documents\GitHub\WecOptTool\foswec\WEC-Sim\foswec.slx...   
Elapsed time is 284.597319 seconds.

Post-processing and saving...   
Elapsed time is 1.833978 seconds.
